TAP version 13
# Subtest: coerce tests
    ok 1 - coerce(null) should be null
    ok 2 - coerce([object Object]) should be null
    ok 3 - coerce(function () {       return '1.2.3'     }) should be null
    ok 4 - coerce() should be null
    ok 5 - coerce(.) should be null
    ok 6 - coerce(version one) should be null
    not ok 7 - coerce(9999999999999999) should be null
      ---
      diff: |
        --- expected
        +++ actual
        @@ -1,1 +1,1 @@
        -null
        +"9999999999999999.0.0"
      at:
        line: 30
        column: 7
        file: build/test/functions/coerce.js
      stack: |
        build/test/functions/coerce.js:30:7
        Array.forEach (<anonymous>)
        Test.<anonymous> (build/test/functions/coerce.js:28:16)
        Object.<anonymous> (build/test/functions/coerce.js:6:1)
      source: |2
            const msg = `coerce(${input}) should be null`
            t.same(coerce(input), null, msg)
        ------^
          })
      ...
    
    not ok 8 - coerce(11111111111111111) should be null
      ---
      diff: |
        --- expected
        +++ actual
        @@ -1,1 +1,1 @@
        -null
        +"11111111111111111.0.0"
      at:
        line: 30
        column: 7
        file: build/test/functions/coerce.js
      stack: |
        build/test/functions/coerce.js:30:7
        Array.forEach (<anonymous>)
        Test.<anonymous> (build/test/functions/coerce.js:28:16)
        Object.<anonymous> (build/test/functions/coerce.js:6:1)
      source: |2
            const msg = `coerce(${input}) should be null`
            t.same(coerce(input), null, msg)
        ------^
          })
      ...
    
    not ok 9 - coerce(a9999999999999999) should be null
      ---
      diff: |
        --- expected
        +++ actual
        @@ -1,1 +1,1 @@
        -null
        +"9999999999999999.0.0"
      at:
        line: 30
        column: 7
        file: build/test/functions/coerce.js
      stack: |
        build/test/functions/coerce.js:30:7
        Array.forEach (<anonymous>)
        Test.<anonymous> (build/test/functions/coerce.js:28:16)
        Object.<anonymous> (build/test/functions/coerce.js:6:1)
      source: |2
            const msg = `coerce(${input}) should be null`
            t.same(coerce(input), null, msg)
        ------^
          })
      ...
    
    not ok 10 - coerce(a11111111111111111) should be null
      ---
      diff: |
        --- expected
        +++ actual
        @@ -1,1 +1,1 @@
        -null
        +"11111111111111111.0.0"
      at:
        line: 30
        column: 7
        file: build/test/functions/coerce.js
      stack: |
        build/test/functions/coerce.js:30:7
        Array.forEach (<anonymous>)
        Test.<anonymous> (build/test/functions/coerce.js:28:16)
        Object.<anonymous> (build/test/functions/coerce.js:6:1)
      source: |2
            const msg = `coerce(${input}) should be null`
            t.same(coerce(input), null, msg)
        ------^
          })
      ...
    
    not ok 11 - coerce(9999999999999999a) should be null
      ---
      diff: |
        --- expected
        +++ actual
        @@ -1,1 +1,1 @@
        -null
        +"9999999999999999.0.0"
      at:
        line: 30
        column: 7
        file: build/test/functions/coerce.js
      stack: |
        build/test/functions/coerce.js:30:7
        Array.forEach (<anonymous>)
        Test.<anonymous> (build/test/functions/coerce.js:28:16)
        Object.<anonymous> (build/test/functions/coerce.js:6:1)
      source: |2
            const msg = `coerce(${input}) should be null`
            t.same(coerce(input), null, msg)
        ------^
          })
      ...
    
    not ok 12 - coerce(11111111111111111a) should be null
      ---
      diff: |
        --- expected
        +++ actual
        @@ -1,1 +1,1 @@
        -null
        +"11111111111111111.0.0"
      at:
        line: 30
        column: 7
        file: build/test/functions/coerce.js
      stack: |
        build/test/functions/coerce.js:30:7
        Array.forEach (<anonymous>)
        Test.<anonymous> (build/test/functions/coerce.js:28:16)
        Object.<anonymous> (build/test/functions/coerce.js:6:1)
      source: |2
            const msg = `coerce(${input}) should be null`
            t.same(coerce(input), null, msg)
        ------^
          })
      ...
    
    not ok 13 - coerce(9999999999999999.4.7.4) should be null
      ---
      diff: |
        --- expected
        +++ actual
        @@ -1,1 +1,1 @@
        -null
        +"9999999999999999.4.7"
      at:
        line: 30
        column: 7
        file: build/test/functions/coerce.js
      stack: |
        build/test/functions/coerce.js:30:7
        Array.forEach (<anonymous>)
        Test.<anonymous> (build/test/functions/coerce.js:28:16)
        Object.<anonymous> (build/test/functions/coerce.js:6:1)
      source: |2
            const msg = `coerce(${input}) should be null`
            t.same(coerce(input), null, msg)
        ------^
          })
      ...
    
    not ok 14 - coerce(9999999999999999.2222222222222222.3333333333333333) should be null
      ---
      diff: |
        --- expected
        +++ actual
        @@ -1,1 +1,1 @@
        -null
        +"9999999999999999.2222222222222222.3333333333333333"
      at:
        line: 30
        column: 7
        file: build/test/functions/coerce.js
      stack: |
        build/test/functions/coerce.js:30:7
        Array.forEach (<anonymous>)
        Test.<anonymous> (build/test/functions/coerce.js:28:16)
        Object.<anonymous> (build/test/functions/coerce.js:6:1)
      source: |2
            const msg = `coerce(${input}) should be null`
            t.same(coerce(input), null, msg)
        ------^
          })
      ...
    
    not ok 15 - coerce(1111111111111111.9999999999999999.3333333333333333) should be null
      ---
      diff: |
        --- expected
        +++ actual
        @@ -1,1 +1,1 @@
        -null
        +"1111111111111111.9999999999999999.3333333333333333"
      at:
        line: 30
        column: 7
        file: build/test/functions/coerce.js
      stack: |
        build/test/functions/coerce.js:30:7
        Array.forEach (<anonymous>)
        Test.<anonymous> (build/test/functions/coerce.js:28:16)
        Object.<anonymous> (build/test/functions/coerce.js:6:1)
      source: |2
            const msg = `coerce(${input}) should be null`
            t.same(coerce(input), null, msg)
        ------^
          })
      ...
    
    not ok 16 - coerce(1111111111111111.2222222222222222.9999999999999999) should be null
      ---
      diff: |
        --- expected
        +++ actual
        @@ -1,1 +1,1 @@
        -null
        +"1111111111111111.2222222222222222.9999999999999999"
      at:
        line: 30
        column: 7
        file: build/test/functions/coerce.js
      stack: |
        build/test/functions/coerce.js:30:7
        Array.forEach (<anonymous>)
        Test.<anonymous> (build/test/functions/coerce.js:28:16)
        Object.<anonymous> (build/test/functions/coerce.js:6:1)
      source: |2
            const msg = `coerce(${input}) should be null`
            t.same(coerce(input), null, msg)
        ------^
          })
      ...
    
    not ok 17 - parse is not a function
      ---
      stack: |
        Test.<anonymous> (build/test/functions/coerce.js:35:6)
      at:
        line: 35
        column: 6
        file: build/test/functions/coerce.js
        function: Test.<anonymous>
      type: TypeError
      tapCaught: testFunctionThrow
      test: coerce tests
      source: |2
          const coerceToValid = [
            [parse('1.2.3'), '1.2.3'],
        -----^
            ['.1', '1.0.0'],
            ['.1.', '1.0.0'],
      ...
    
    1..17
    # failed 11 of 17 tests
not ok 1 - coerce tests 

1..1
# failed 1 test

